// Jest Snapshot v1, https://goo.gl/fbAQLP

exports[`Home snapshot renders correctly 1`] = `
<div
  className="homePg"
>
  <h1>
    Welcome to our page!
  </h1>
  <p
    data-testid="firstPar"
  >
    Donec quam felis, ultricies nec, pellentesque eu, pretium quis, sem. Nulla consequat Donec quam felis, ultricies nec, pellentesque eu, pretium quis, sem. Nulla consequat Donec quam felis, ultricies nec, pellentesque eu, pretium quis, sem. Nulla consequat Donec quam felis, ultricies nec, pellentesque eu, pretium quis, sem. Nulla consequat Donec quam felis, ultricies nec, pellentesque eu, pretium quis, sem. Nulla consequat Donec quam felis, ultricies nec, pellentesque eu, pretium quis, sem. Nulla consequat
  </p>
  <br />
  <p
    data-testid="secondPar"
  >
    Donec quam felis, ultricies nec, pellentesque eu, pretium quis, sem. Nulla consequat Donec quam felis, ultricies nec, pellentesque eu, pretium quis, sem. Nulla consequat Donec quam felis, ultricies nec, pellentesque eu, pretium quis, sem. Nulla consequat Donec quam felis, ultricies nec, pellentesque eu, pretium quis, sem. Nulla consequat Donec quam felis, ultricies nec, pellentesque eu, pretium quis, sem. Nulla consequat Donec quam felis, ultricies nec, pellentesque eu, pretium quis, sem. Nulla consequat
  </p>
</div>
`;
