// Jest Snapshot v1, https://goo.gl/fbAQLP

exports[`It should get calculator snapshot renders snapshot: Calculator 1`] = `
<div
  className="calcPg"
>
  <h2>
    Lets do some Math!
  </h2>
  <div
    className="calc"
  >
    <div
      className="screen"
    >
      0
    </div>
    <div
      id="row1"
    >
      <div
        data-testid="ac"
        id="c1r1"
        onClick={[Function]}
        onKeyDown={[Function]}
        role="button"
        tabIndex="0"
      >
        AC
      </div>
      <div
        id="c2r1"
        onClick={[Function]}
        onKeyDown={[Function]}
        role="button"
        tabIndex="0"
      >
        +/-
      </div>
      <div
        id="c3r1"
        onClick={[Function]}
        onKeyDown={[Function]}
        role="button"
        tabIndex="0"
      >
        %
      </div>
      <div
        className="operators"
        id="c4r1"
        onClick={[Function]}
        onKeyDown={[Function]}
        role="button"
        tabIndex="0"
      >
        รท
      </div>
    </div>
    <div
      id="row2"
    >
      <div
        id="c1r2"
        onClick={[Function]}
        onKeyDown={[Function]}
        role="button"
        tabIndex="0"
      >
        7
      </div>
      <div
        id="c2r2"
        onClick={[Function]}
        onKeyDown={[Function]}
        role="button"
        tabIndex="0"
      >
        8
      </div>
      <div
        id="c3r2"
        onClick={[Function]}
        onKeyDown={[Function]}
        role="button"
        tabIndex="0"
      >
        9
      </div>
      <div
        className="operators"
        id="c4r2"
        onClick={[Function]}
        onKeyDown={[Function]}
        role="button"
        tabIndex="0"
      >
        x
      </div>
    </div>
    <div
      id="row3"
    >
      <div
        id="c1r3"
        onClick={[Function]}
        onKeyDown={[Function]}
        role="button"
        tabIndex="0"
      >
        4
      </div>
      <div
        id="c2r3"
        onClick={[Function]}
        onKeyDown={[Function]}
        role="button"
        tabIndex="0"
      >
        5
      </div>
      <div
        id="c3r3"
        onClick={[Function]}
        onKeyDown={[Function]}
        role="button"
        tabIndex="0"
      >
        6
      </div>
      <div
        className="operators"
        id="c4r3"
        onClick={[Function]}
        onKeyDown={[Function]}
        role="button"
        tabIndex="0"
      >
        -
      </div>
    </div>
    <div
      id="row4"
    >
      <div
        id="c1r4"
        onClick={[Function]}
        onKeyDown={[Function]}
        role="button"
        tabIndex="0"
      >
        1
      </div>
      <div
        id="c2r4"
        onClick={[Function]}
        onKeyDown={[Function]}
        role="button"
        tabIndex="0"
      >
        2
      </div>
      <div
        id="c3r4"
        onClick={[Function]}
        onKeyDown={[Function]}
        role="button"
        tabIndex="0"
      >
        3
      </div>
      <div
        className="operators"
        id="c4r4"
        onClick={[Function]}
        onKeyDown={[Function]}
        role="button"
        tabIndex="0"
      >
        +
      </div>
    </div>
    <div
      id="row5"
    >
      <div
        id="c1r5"
        onClick={[Function]}
        onKeyDown={[Function]}
        role="button"
        tabIndex="0"
      >
        0
      </div>
      <div
        id="c2r5"
        onClick={[Function]}
        onKeyDown={[Function]}
        role="button"
        tabIndex="0"
      >
        .
      </div>
      <div
        className="operators"
        id="c3r5"
        onClick={[Function]}
        onKeyDown={[Function]}
        role="button"
        tabIndex="0"
      >
        =
      </div>
    </div>
  </div>
</div>
`;
